// Jest Snapshot v1, https://goo.gl/fbAQLP

exports[`AdvantageCard component renders unchanged 1`] = `
<div>
  <div
    class="flex flex-col gap-y-4 text-left justify-left"
  >
    test icon
    <h4
      class="font-bold text-lg md:text-xl lg:text-2xl text-secondary"
    >
      test title
    </h4>
    <p
      class="text-sm md:text-base text-body"
    >
      test content
    </p>
  </div>
</div>
`;
