// Jest Snapshot v1, https://goo.gl/fbAQLP

exports[`YourProjectCard component renders unchanged 1`] = `
<div>
  <div
    class="w-full h-full bg-secondary flex items-center justify-center"
    data-aos="zoom-in"
    data-aos-duration="500"
  >
    <div
      class="flex flex-col gap-y-4 items-center"
    >
      <h4
        class="text-white text-lg md:text-xl lg:text-2xl font-bold"
      >
        Miejsce na twój projekt
      </h4>
      <a
        href="#contact"
      >
        <button
          class="py-4 px-8 font-bold text-sm md:text-base transition-all duration-500 disabled:bg-lightGrey disabled:text-body bg-primary text-white hover:bg-primary/90 active:bg-primary/80 border border-transparent border-solid w-fit"
        >
          Skontaktuj się
        </button>
      </a>
    </div>
  </div>
</div>
`;
