// Jest Snapshot v1, https://goo.gl/fbAQLP

exports[`FourthPhaseCard component renders unchanged 1`] = `
<div>
  <div
    class="flex flex-col gap-y-4 border border-solid border-lightGrey p-4 bg-white w-full md:w-1/2 md:ml-[calc((50%/3)*3)]"
    data-aos="fade-right"
    data-aos-duration="2000"
  >
    <div
      class="flex flex-col"
    >
      <span
        class="before:block flex items-center gap-x-2 text-sm md:text-base font-semibold uppercase before:w-2 before:h-2 before:bg-[#B130FF] text-[#B130FF]"
      >
        faza 4
      </span>
      <h4
        class="text-lg md:text-xl lg:text-2xl text-secondary font-bold text-secondary"
      >
        Wdrożenie
      </h4>
    </div>
    <p
      class="text-body text-sm md:text-base"
    >
      Po zatwierdzeniu projektu przechodzę do wdrożenia na serwer produkcyjny. Dodatkowo integruję narzędzia takie jak Google Analytics, Sentry, Google Search Console. Przeprowadzam również kompleksową optymalizację SEO.
    </p>
  </div>
</div>
`;
