// Jest Snapshot v1, https://goo.gl/fbAQLP

exports[`TechnologyIcon component renders unchanged 1`] = `
<div>
  <img
    alt="test"
    class="max-w-8 max-h-8"
    data-nimg="1"
    decoding="async"
    height="32"
    loading="lazy"
    src="/_next/image?url=%2Ftest.webp&w=64&q=75"
    srcset="/_next/image?url=%2Ftest.webp&w=32&q=75 1x, /_next/image?url=%2Ftest.webp&w=64&q=75 2x"
    style="color: transparent;"
    width="32"
  />
</div>
`;
