// Jest Snapshot v1, https://goo.gl/fbAQLP

exports[`Button component renders unchanged 1`] = `
<div>
  <button
    class="py-4 px-8 font-bold text-sm md:text-base transition-all duration-500 disabled:bg-lightGrey disabled:text-body "
    type="button"
  >
    Button test
  </button>
</div>
`;
