// Jest Snapshot v1, https://goo.gl/fbAQLP

exports[`Hamburger component renders unchanged 1`] = `
<div>
  <div
    class="flex flex-col gap-y-2 cursor-pointer lg:hidden"
  >
    <div
      class="rotate-45 translate-y-[4px] translate-x-[-4px] block w-8 bg-secondary h-0.5 transition-transform duration-500"
    />
    <div
      class="-rotate-45 translate-y-[-5px] translate-x-[-4px] block w-8 bg-secondary h-0.5 transition-transform duration-500"
    />
  </div>
</div>
`;
