// Jest Snapshot v1, https://goo.gl/fbAQLP

exports[`Hero component renders unchanged 1`] = `
<div>
  <div
    class="flex items-center justify-center h-[calc(100%-61.8px)] md:h-[calc(100%-93.8px)] w-full md:-mt-8"
  >
    <div
      class="text-center items-center flex flex-col"
    >
      <h1
        class="text-4xl md:text-5xl lg:text-6xl text-secondary font-bold"
        data-testid="title"
      >
        Buduje spersonalizowane 
        <br />
        <span
          class="text-primary"
        >
          strony internetowe
        </span>
        ,
         
        <span
          class="text-primary"
        >
          aplikacje webowe
        </span>
      </h1>
      <p
        class="text-lg md:text-xl lg:text-2xl text-body font-normal max-w-3xl mt-4 md:mt-8"
        data-testid="subtitle"
      >
        Koduję świat pełen możliwości - tworząc rozwiązania, wpisuję swoją pasję w cyfrową rzeczywistość.
      </p>
      <div
        class="flex flex-col gap-4 md:flex-row mt-8 md:mt-10"
      >
        <a
          href="#contact"
        >
          <button
            class="py-4 px-8 font-bold text-sm md:text-base transition-all duration-500 disabled:bg-lightGrey disabled:text-body bg-primary text-white hover:bg-primary/90 active:bg-primary/80 border border-transparent border-solid w-64"
          >
            Stwórzmy coś razem
          </button>
        </a>
        <a
          href="#portfolio"
        >
          <button
            class="py-4 px-8 font-bold text-sm md:text-base transition-all duration-500 disabled:bg-lightGrey disabled:text-body bg-transparent border-secondary border border-solid hover:bg-secondary active:bg-secondary/80 hover:text-white text-secondary w-64"
          >
            Portfolio
          </button>
        </a>
      </div>
    </div>
  </div>
</div>
`;
